street_id,street_name,house,full_address,latitude,longitude,status
67,микрорайон 10-й микрорайон,4,"Алматы г., микрорайон 10-й микрорайон, 4",43.220211199999994,76.86958025,Success
309,микрорайон 11-й микрорайон,14,"Алматы г., микрорайон 11-й микрорайон, 14",43.22553475,76.87386194999999,Success
309,микрорайон 11-й микрорайон,15,"Алматы г., микрорайон 11-й микрорайон, 15",43.225885649999995,76.8740977,Success
309,микрорайон 11-й микрорайон,16,"Алматы г., микрорайон 11-й микрорайон, 16",43.22617685,76.87433324174133,Success
404,микрорайон Айнабулак 3,126,"Алматы г., микрорайон Айнабулак 3, 126",43.3252259,76.92223656411318,Success
405,микрорайон Айнабулак 4,190,"Алматы г., микрорайон Айнабулак 4, 190",43.325698599999996,76.91396129999998,Success
50723,микрорайон Акбулак, ул. Сарытогай,18,"Алматы г., микрорайон Акбулак, ул. Сарытогай, 18",,,Not Found
50723,микрорайон Акбулак, ул. Сарытогай,23,"Алматы г., микрорайон Акбулак, ул. Сарытогай, 23",,,Not Found
50723,микрорайон Акбулак, ул. Сарытогай,24,"Алматы г., микрорайон Акбулак, ул. Сарытогай, 24",,,Not Found
50723,микрорайон Акбулак, ул. Сарытогай,26,"Алматы г., микрорайон Акбулак, ул. Сарытогай, 26",,,Not Found
50723,микрорайон Акбулак, ул. Сарытогай,3,"Алматы г., микрорайон Акбулак, ул. Сарытогай, 3",,,Not Found
50723,микрорайон Акбулак, ул. Сарытогай,47,"Алматы г., микрорайон Акбулак, ул. Сарытогай, 47",,,Not Found
50723,микрорайон Акбулак, ул. Сарытогай,48,"Алматы г., микрорайон Акбулак, ул. Сарытогай, 48",,,Not Found
50723,микрорайон Акбулак, ул. Сарытогай,50,"Алматы г., микрорайон Акбулак, ул. Сарытогай, 50",,,Not Found
7863,улица Абишева,36/1,"Алматы г., улица Абишева, 36/1",43.2275613,76.80859598415552,Success
210,улица Айманова,193,"Алматы г., улица Айманова, 193",43.22851695,76.89760375324497,Success
666,улица Акан Серы,20,"Алматы г., улица Акан Серы, 20",43.3304582,76.95216362328034,Success
1,улица Айтеке би,200,"Алматы г., улица Айтеке би, 200",50.28426021127805,57.223834802688806,Success
5922,микрорайон Акбулак,9,"Алматы г., микрорайон Акбулак, 9",43.26248835,76.82600760640133,Success
50714,микрорайон Акбулак, ул.Аханова,12,"Алматы г., микрорайон Акбулак, ул.Аханова, 12",,,Not Found
50714,микрорайон Акбулак, ул.Аханова,1Б,"Алматы г., микрорайон Акбулак, ул.Аханова, 1Б",,,Not Found
404,микрорайон Айнабулак 3,161,"Алматы г., микрорайон Айнабулак 3, 161",43.32763035,76.92008212513866,Success
404,микрорайон Айнабулак 3,90,"Алматы г., микрорайон Айнабулак 3, 90",43.322012349999994,76.91682125,Success
404,микрорайон Айнабулак 3,93,"Алматы г., микрорайон Айнабулак 3, 93",43.3220313,76.91758022294367,Success
405,микрорайон Айнабулак 4,169,"Алматы г., микрорайон Айнабулак 4, 169",43.3248604,76.91575309999999,Success
9566,микрорайон Абай, ул. Алтын Орда,6/10к1,"Алматы г., микрорайон Абай, ул. Алтын Орда, 6/10к1",,,Not Found
9566,микрорайон Абай, ул. Алтын Орда,6/37к2,"Алматы г., микрорайон Абай, ул. Алтын Орда, 6/37к2",,,Not Found
9566,микрорайон Абай, ул. Алтын Орда,6/42к2,"Алматы г., микрорайон Абай, ул. Алтын Орда, 6/42к2",,,Not Found
525,улица 8 Линия,210,"Алматы г., улица 8 Линия, 210",51.81202178637812,55.250007698320886,Success
315,микрорайон 8-й микрорайон,86,"Алматы г., микрорайон 8-й микрорайон, 86",52.5124864,103.8721439,Success
66,микрорайон 9-й микрорайон,28,"Алматы г., микрорайон 9-й микрорайон, 28",54.29268385,48.30039603445707,Success
231,проспект Абая,160к1,"Алматы г., проспект Абая, 160к1",58.9154515,25.9610485,Success
231,проспект Абая,160к2,"Алматы г., проспект Абая, 160к2",58.9154515,25.9610485,Success
231,проспект Абая,150/230 блок5,"Алматы г., проспект Абая, 150/230 блок5",43.21214805151127,76.77714480359339,Success
231,проспект Абая,164к7,"Алматы г., проспект Абая, 164к7",58.3722015,22.0231678,Success
231,проспект Абая,99,"Алматы г., проспект Абая, 99",43.1662891,76.40133671232152,Success
231,проспект Абая,20/5,"Алматы г., проспект Абая, 20/5",43.23927105,76.94299289254326,Success
9566,микрорайон Абай, ул. Алтын Орда,6/50,"Алматы г., микрорайон Абай, ул. Алтын Орда, 6/50",,,Not Found
9566,микрорайон Абай, ул. Алтын Орда,6/51,"Алматы г., микрорайон Абай, ул. Алтын Орда, 6/51",,,Not Found
9566,микрорайон Абай, ул. Алтын Орда,6/46к4,"Алматы г., микрорайон Абай, ул. Алтын Орда, 6/46к4",,,Not Found
9566,микрорайон Абай, ул. Алтын Орда,6/5к1,"Алматы г., микрорайон Абай, ул. Алтын Орда, 6/5к1",,,Not Found
9566,микрорайон Абай, ул. Алтын Орда,6/62,"Алматы г., микрорайон Абай, ул. Алтын Орда, 6/62",,,Not Found
50715,микрорайон Акбулак, ул.Нурмаханова,26А/1,"Алматы г., микрорайон Акбулак, ул.Нурмаханова, 26А/1",,,Not Found
50731,микрорайон Акбулак, ул. Отейбойдака,13,"Алматы г., микрорайон Акбулак, ул. Отейбойдака, 13",,,Not Found
50715,микрорайон Акбулак, ул.Нурмаханова,38,"Алматы г., микрорайон Акбулак, ул.Нурмаханова, 38",,,Not Found
50715,микрорайон Акбулак, ул.Нурмаханова,43,"Алматы г., микрорайон Акбулак, ул.Нурмаханова, 43",,,Not Found
50715,микрорайон Акбулак, ул.Нурмаханова,44,"Алматы г., микрорайон Акбулак, ул.Нурмаханова, 44",,,Not Found
50715,микрорайон Акбулак, ул.Нурмаханова,5,"Алматы г., микрорайон Акбулак, ул.Нурмаханова, 5",,,Not Found
50713,микрорайон Акбулак, ул. Жандилдина,8/3,"Алматы г., микрорайон Акбулак, ул. Жандилдина, 8/3",,,Not Found
